[connectwithakash.blogspot.in/index.html]
[backblue.gif]
[fade.gif]
[index.html]
[connectwithakash.blogspot.in/favicon.ico]
[ajax.googleapis.com/ajax/libs/jquery/1.12.4/jquery.min.js]
[cdn.linearicons.com/free/1.0.0/icon-font.min.css]
[cdnjs.cloudflare.com/ajax/libs/font-awesome/4.7.0/css/font-awesome.min.css]
[connectwithakash.blogspot.in/fonts/glyphicons-halflings-regular.5.delayed]
[connectwithakash.blogspot.in/fonts/glyphicons-halflings-regular.6d41d.delayed]
[connectwithakash.blogspot.in/fonts/glyphicons-halflings-regular.7.delayed]
[connectwithakash.blogspot.in/fonts/glyphicons-halflings-regular.8.delayed]
[connectwithakash.blogspot.in/fonts/glyphicons-halflings-regular.9.delayed]
[linewp.com/bold/assets/images/load.gif]
[2.bp.blogspot.com/-DHNd9A0wXR8/WdteGELdNDI/AAAAAAAAHXM/8Ga4Wr5zrlYrBxrlWKQZX9hj_vlbftEsgCLcBGAs/s1600/IMG_20171007_170119.jpg]
[2.bp.blogspot.com/-eR0OkNeduSw/WPAwNr_xHaI/AAAAAAAAEkM/PdTdy_C14BoE2IuiEQv5OwC2iUYQIZcxQCLcB/s1600/Capture1.JPG]
[resources.blogblog.com/img/icon18_wrench_allbkg.png]
[images.dmca.com/Badges/DMCABadgeHelper.min.zip]
[images.dmca.com/Badges/dmca_protected_sml_120nc519.png]
[apis.google.com/js/plusone.js]
[connectwithakash.blogspot.in/r/s/index.html]
[www.blogger.com/static/v1/widgets/4187781524-widgets.js]
[connectwithakash.blogspot.in/index.html]
[www.blogger.com/img/widgets/stats-flipper.png]
[resources.blogblog.com/img/widgets/s_top.png]
[www.blogger.com/static/v1/widgets/3332739511-widget_css_bundle.css]
[cdn.linearicons.com/free/1.0.0/Linearicons-Free.eot]
[cdn.linearicons.com/free/1.0.0/icon-font.min.css]
[cdnjs.cloudflare.com/ajax/libs/font-awesome/4.7.0/css/font-awesome.min.css]
[connectwithakash.blogspot.in/fonts/glyphicons-halflings-regular.html]
[connectwithakash.blogspot.in/fonts/glyphicons-halflings-regulard41d.html]
[connectwithakash.blogspot.in/fonts/glyphicons-halflings-regular-2.html]
[connectwithakash.blogspot.in/fonts/glyphicons-halflings-regular-3.html]
[connectwithakash.blogspot.in/fonts/glyphicons-halflings-regular-4.html]
[www.blogger.com/dyn-css/authorization268b.css]
[connectwithakash.blogspot.in/r/s/index.html]
